// Jest Snapshot v1, https://goo.gl/fbAQLP

exports[`App snapshot renders 1`] = `
<div>
  <h1>
    Counter App
  </h1>
  <p>
    0
  </p>
  <button
    onClick={[Function]}
  >
    increment
  </button>
  <button
    onClick={[Function]}
  >
    decrement
  </button>
</div>
`;
